// Jest Snapshot v1, https://goo.gl/fbAQLP

exports[`location code emitter should escape quotes in locator strings 1`] = `"By.CSS_SELECTOR, \\"a[title=\\"escaped\\"]\\""`;
